// Jest Snapshot v1, https://goo.gl/fbAQLP

exports[`Pruebas en el entry component debe de hacer match con el snapshot 1`] = `
<div class="entry-container mb-3 pointer p-2">
  <!-- titulo -->
  <div class="entry-title d-flex"><span class="text-success fs-5 fw-bold">6</span><span class="mx-1 fs-4">Febrero</span><span class="mx-2 fw-light">2023, Lunes</span></div>
  <div class="entry-description">Hoy 06 de febrero de 2023, estoy aprendiendo vuejs y vuex con fernando herrera!</div>
</div>
`;
